// Jest Snapshot v1, https://goo.gl/fbAQLP

exports[`Login component should display Login form component 1`] = `"<form><h2 class=\\"fadeIn first formTitle\\">Login</h2><input type=\\"text\\" class=\\"fadeIn second\\" name=\\"email\\" placeholder=\\"Email address\\" value=\\"yassine.belkaid87@gmail.com\\" required=\\"\\"/><input type=\\"password\\" class=\\"fadeIn third\\" name=\\"password\\" placeholder=\\"Password\\" value=\\"123456\\" required=\\"\\"/><input type=\\"submit\\" class=\\"fadeIn fourth\\" value=\\"Log In\\"/></form>"`;

exports[`Login component should display signup form component 1`] = `"<form><h2 class=\\"fadeIn first formTitle\\">Signup</h2><input type=\\"text\\" class=\\"fadeIn second\\" name=\\"firstname\\" placeholder=\\"First name\\" value=\\"yassine\\" required=\\"\\"/><input type=\\"text\\" class=\\"fadeIn second\\" name=\\"lastname\\" value=\\"belkaid\\" placeholder=\\"Last name\\" required=\\"\\"/><input type=\\"text\\" class=\\"fadeIn third\\" name=\\"email\\" placeholder=\\"Email address\\" value=\\"yassine.belkaid87@gmail.com\\" required=\\"\\"/><input type=\\"password\\" class=\\"fadeIn third\\" name=\\"password\\" placeholder=\\"Password\\" value=\\"\\"/><button type=\\"submit\\" class=\\"fadeIn fourth\\">Register</button></form>"`;

exports[`Login component should verify the right rendered components and dom elements 1`] = `"<div class=\\"wrapper fadeInDown\\"><div class=\\"autoMg formContent\\"><form><h2 class=\\"fadeIn first formTitle\\">Login</h2><input type=\\"text\\" class=\\"fadeIn second\\" name=\\"email\\" placeholder=\\"Email address\\" required=\\"\\"/><input type=\\"password\\" class=\\"fadeIn third\\" name=\\"password\\" placeholder=\\"Password\\" required=\\"\\"/><input type=\\"submit\\" class=\\"fadeIn fourth\\" value=\\"Log In\\"/></form><form style=\\"display:none\\"><h2 class=\\"fadeIn first formTitle\\">Signup</h2><input type=\\"text\\" class=\\"fadeIn second\\" name=\\"firstname\\" placeholder=\\"First name\\" required=\\"\\"/><input type=\\"text\\" class=\\"fadeIn second\\" name=\\"lastname\\" placeholder=\\"Last name\\" required=\\"\\"/><input type=\\"text\\" class=\\"fadeIn third\\" name=\\"email\\" placeholder=\\"Email address\\" required=\\"\\"/><input type=\\"password\\" class=\\"fadeIn third\\" name=\\"password\\" placeholder=\\"Password\\"/><button type=\\"submit\\" class=\\"fadeIn fourth\\">Register</button></form><div class=\\"formFooter\\"><a href=\\"#/\\" class=\\"underlineHover switchSignup\\">Don&#x27;t have an account yet? <b>Signup</b></a><a href=\\"#/\\" class=\\"underlineHover switchSignin\\" style=\\"display:none\\">Already registered? <b>Loign</b></a></div></div></div>"`;
